[bridge] listening on 127.0.0.1:8765 -- now launch BizHawk with --socket_ip=127.0.0.1 --socket_port=8765
[bridge] listening on 127.0.0.1:8766 -- now launch BizHawk with --socket_ip=127.0.0.1 --socket_port=8766
[bridge] listening on 127.0.0.1:8767 -- now launch BizHawk with --socket_ip=127.0.0.1 --socket_port=8767
[bridge] listening on 127.0.0.1:8768 -- now launch BizHawk with --socket_ip=127.0.0.1 --socket_port=8768
[pool] launching BizHawk on port 8765: /home/ampho/Downloads/BizHawk/BizHawk-2.11.1-linux-x64/./EmuHawkMono.sh /home/ampho/Downloads/TimeCrisis_NTSC/Time Crisis.cue --socket_ip=127.0.0.1 --socket_port=8765 --lua=/home/ampho/TimeCrisisAISpeedruns/bizhawk_bridge.lua
(capturing output in /home/ampho/Downloads/BizHawk/BizHawk-2.11.1-linux-x64/EmuHawkMono_last*.txt)
[pool] launching BizHawk on port 8766: /home/ampho/Downloads/BizHawk/BizHawk-2.11.1-linux-x64/./EmuHawkMono.sh /home/ampho/Downloads/TimeCrisis_NTSC/Time Crisis.cue --socket_ip=127.0.0.1 --socket_port=8766 --lua=/home/ampho/TimeCrisisAISpeedruns/bizhawk_bridge.lua
Using SDL2 for host input (keyboard + gamepads)
(it seems EmuHawk is already running, NOT capturing output)
parsing command-line flags: /home/ampho/Downloads/TimeCrisis_NTSC/Time Crisis.cue --socket_ip=127.0.0.1 --socket_port=8766 --lua=/home/ampho/TimeCrisisAISpeedruns/bizhawk_bridge.lua
Gtk not found (missing LD_LIBRARY_PATH to libgtk-x11-2.0.so.0?), using built-in colorscheme
MemoryBlock created for address 36f00000000:36f0d80a000 with mirror 7279ea3f5000:7279f7bff000
Mouting `shock.wbx` @36f00000000
  Sections:
    @0:0     `` 0 bytes
    @36f00000318:36f0000035c R   `.interp` 68 bytes
    @36f0000035c:36f00000374 R   `.note.gnu.build-id` 24 bytes
    @36f00001000:36f00001003 R X `.init` 3 bytes
    @36f00001010:36f00004298 R X `.text` 12936 bytes
    @36f000042a0:36f00262dc4 R X `.ltext` 2485028 bytes
    @36f00262dc4:36f00262dc7 R X `.fini` 3 bytes
    @36f00262dd0:36f00262eca R X `__lcxx_override` 250 bytes
    @36f00263000:36f00269e91 R   `.rodata` 28305 bytes
    @36f00269e94:36f0026ef38 R   `.eh_frame_hdr` 20644 bytes
    @36f0026ef38:36f00292c80 R   `.eh_frame` 146760 bytes
    @36f00292c80:36f00294c54 R   `.gcc_except_table` 8148 bytes
    @36f00295000:36f00295080 RW  `.init_array` 128 bytes
    @36f00295080:36f00295080 RW  `.fini_array` 0 bytes
    @36f00295080:36f00296000 RW  `.relro_padding` 3968 bytes
    @36f00296000:36f00296080 RW  `.invis` 128 bytes
    @36f00297000:36f00297000 RW  `.bss` 0 bytes
    @36f00297000:36f005ae828 RW  `.lbss` 3242024 bytes
    @36f005af880:36f006083d8 R   `.lrodata` 363352 bytes
    @36f00609400:36f00609d00 RW  `.ldata` 2304 bytes
    @0:96     `.comment` 150 bytes
    @0:18480     `.symtab` 99456 bytes
    @0:e3     `.shstrtab` 227 bytes
    @0:33402     `.strtab` 209922 bytes
  Segments:
    %36f00000040:36f00000318 R   728 bytes
    %36f00000318:36f0000035c R   68 bytes
    %36f00000000:36f00000374 R   884 bytes
    %36f00001000:36f00262eca R X 2498250 bytes
    %36f00263000:36f00294c54 R   203860 bytes
    %36f00295000:36f00296000 RW  4096 bytes
    %36f00296000:36f005ae828 RW  3246120 bytes
    %36f005af880:36f006083d8 R   363352 bytes
    %36f00609400:36f00609d00 RW  2304 bytes
    %36f00295000:36f00296000 R   4096 bytes
    %36f00269e94:36f0026ef38 R   20644 bytes
    %36f0000035c:36f00000374 R   24 bytes
Calling _start()
Initializing heap sbrk at 36f0080a000:36f0180a000
Emulated Disc SCEx IDs:
	Disc 1: SCEA

Region: North America

Multitap on PSX Port 1: Disabled
Multitap on PSX Port 2: Disabled
Initializing heap invisible at 0x36f0480a000:0x36f0780a000
Allocated 1474560 bytes on invisible heap, usage 1474560/50331648
Allocated 88200 bytes on invisible heap, usage 1562768/50331648
Calling ecl_seal()
WaterboxHost Sealed!
Active firmware:
	PSX+U : 10155D8D6E6E832D6EA66DB9BC098321FB5E8EBF
[Lua Console] loaded script /home/ampho/TimeCrisisAISpeedruns/bizhawk_bridge.lua
[pool] launching BizHawk on port 8767: /home/ampho/Downloads/BizHawk/BizHawk-2.11.1-linux-x64/./EmuHawkMono.sh /home/ampho/Downloads/TimeCrisis_NTSC/Time Crisis.cue --socket_ip=127.0.0.1 --socket_port=8767 --lua=/home/ampho/TimeCrisisAISpeedruns/bizhawk_bridge.lua
(it seems EmuHawk is already running, NOT capturing output)
Using SDL2 for host input (keyboard + gamepads)
[Lua script: bizhawk_bridge] [bridge] controller 1 controls (bare, via joypad.get(1)):
[Lua script: bizhawk_bridge]   B                  = false
[Lua script: bizhawk_bridge]   Y Axis             = 136
[Lua script: bizhawk_bridge]   Trigger            = false
[Lua script: bizhawk_bridge]   Offscreen Shot     = false
[Lua script: bizhawk_bridge]   X Axis             = 1320
[Lua script: bizhawk_bridge]   A                  = false
[Lua script: bizhawk_bridge] [bridge] all controls (prefixed, via joypad.get()):
[Lua script: bizhawk_bridge]   P1 Offscreen Shot      = false
[Lua script: bizhawk_bridge]   Disk Index             = 0
[Lua script: bizhawk_bridge]   P1 Trigger             = false
[Lua script: bizhawk_bridge]   P1 X Axis              = 1320
[Lua script: bizhawk_bridge]   P1 B                   = false
[Lua script: bizhawk_bridge]   P1 Y Axis              = 136
[Lua script: bizhawk_bridge]   Open Tray              = false
[Lua script: bizhawk_bridge]   Reset                  = false
[Lua script: bizhawk_bridge]   Close Tray             = false
[Lua script: bizhawk_bridge]   P1 A                   = false
[Lua script: bizhawk_bridge]   Power                  = false
[Lua script: bizhawk_bridge] ======================================================
[Lua script: bizhawk_bridge] [bridge] *** SCRIPT RELOADED -- VERSION WITH READ-BACK DEBUG ***
[Lua script: bizhawk_bridge] [bridge] DEBUG_INPUT_LOG = false
[Lua script: bizhawk_bridge] ======================================================
[Lua script: bizhawk_bridge] [bridge] sent READY -- waiting for commands
parsing command-line flags: /home/ampho/Downloads/TimeCrisis_NTSC/Time Crisis.cue --socket_ip=127.0.0.1 --socket_port=8767 --lua=/home/ampho/TimeCrisisAISpeedruns/bizhawk_bridge.lua
Gtk not found (missing LD_LIBRARY_PATH to libgtk-x11-2.0.so.0?), using built-in colorscheme
MemoryBlock created for address 36f00000000:36f0d80a000 with mirror 7ae4827f6000:7ae490000000
Mouting `shock.wbx` @36f00000000
  Sections:
    @0:0     `` 0 bytes
    @36f00000318:36f0000035c R   `.interp` 68 bytes
    @36f0000035c:36f00000374 R   `.note.gnu.build-id` 24 bytes
    @36f00001000:36f00001003 R X `.init` 3 bytes
    @36f00001010:36f00004298 R X `.text` 12936 bytes
    @36f000042a0:36f00262dc4 R X `.ltext` 2485028 bytes
    @36f00262dc4:36f00262dc7 R X `.fini` 3 bytes
    @36f00262dd0:36f00262eca R X `__lcxx_override` 250 bytes
    @36f00263000:36f00269e91 R   `.rodata` 28305 bytes
    @36f00269e94:36f0026ef38 R   `.eh_frame_hdr` 20644 bytes
    @36f0026ef38:36f00292c80 R   `.eh_frame` 146760 bytes
    @36f00292c80:36f00294c54 R   `.gcc_except_table` 8148 bytes
    @36f00295000:36f00295080 RW  `.init_array` 128 bytes
    @36f00295080:36f00295080 RW  `.fini_array` 0 bytes
    @36f00295080:36f00296000 RW  `.relro_padding` 3968 bytes
    @36f00296000:36f00296080 RW  `.invis` 128 bytes
    @36f00297000:36f00297000 RW  `.bss` 0 bytes
    @36f00297000:36f005ae828 RW  `.lbss` 3242024 bytes
    @36f005af880:36f006083d8 R   `.lrodata` 363352 bytes
    @36f00609400:36f00609d00 RW  `.ldata` 2304 bytes
    @0:96     `.comment` 150 bytes
    @0:18480     `.symtab` 99456 bytes
    @0:e3     `.shstrtab` 227 bytes
    @0:33402     `.strtab` 209922 bytes
  Segments:
    %36f00000040:36f00000318 R   728 bytes
    %36f00000318:36f0000035c R   68 bytes
    %36f00000000:36f00000374 R   884 bytes
    %36f00001000:36f00262eca R X 2498250 bytes
    %36f00263000:36f00294c54 R   203860 bytes
    %36f00295000:36f00296000 RW  4096 bytes
    %36f00296000:36f005ae828 RW  3246120 bytes
    %36f005af880:36f006083d8 R   363352 bytes
    %36f00609400:36f00609d00 RW  2304 bytes
    %36f00295000:36f00296000 R   4096 bytes
    %36f00269e94:36f0026ef38 R   20644 bytes
    %36f0000035c:36f00000374 R   24 bytes
Calling _start()
Initializing heap sbrk at 36f0080a000:36f0180a000
Emulated Disc SCEx IDs:
	Disc 1: SCEA

Region: North America

Multitap on PSX Port 1: Disabled
Multitap on PSX Port 2: Disabled
Initializing heap invisible at 0x36f0480a000:0x36f0780a000
Allocated 1474560 bytes on invisible heap, usage 1474560/50331648
Allocated 88200 bytes on invisible heap, usage 1562768/50331648
Calling ecl_seal()
WaterboxHost Sealed!
Active firmware:
	PSX+U : 10155D8D6E6E832D6EA66DB9BC098321FB5E8EBF
[pool] launching BizHawk on port 8768: /home/ampho/Downloads/BizHawk/BizHawk-2.11.1-linux-x64/./EmuHawkMono.sh /home/ampho/Downloads/TimeCrisis_NTSC/Time Crisis.cue --socket_ip=127.0.0.1 --socket_port=8768 --lua=/home/ampho/TimeCrisisAISpeedruns/bizhawk_bridge.lua
[pool] waiting for worker 0 on port 8765...
[bridge] BizHawk connected from ('127.0.0.1', 47252); polling for Lua handshake (load the game and open bizhawk_bridge.lua)...
(it seems EmuHawk is already running, NOT capturing output)
[bridge] handshake OK -- bridge live
[pool] waiting for worker 1 on port 8766...
[bridge] BizHawk connected from ('127.0.0.1', 47926); polling for Lua handshake (load the game and open bizhawk_bridge.lua)...
parsing command-line flags: /home/ampho/Downloads/TimeCrisis_NTSC/Time Crisis.cue --socket_ip=127.0.0.1 --socket_port=8768 --lua=/home/ampho/TimeCrisisAISpeedruns/bizhawk_bridge.lua
Gtk not found (missing LD_LIBRARY_PATH to libgtk-x11-2.0.so.0?), using built-in colorscheme
Using SDL2 for host input (keyboard + gamepads)
[Lua Console] loaded script /home/ampho/TimeCrisisAISpeedruns/bizhawk_bridge.lua
MemoryBlock created for address 36f00000000:36f0d80a000 with mirror 72dbd27f6000:72dbe0000000
Mouting `shock.wbx` @36f00000000
  Sections:
    @0:0     `` 0 bytes
    @36f00000318:36f0000035c R   `.interp` 68 bytes
    @36f0000035c:36f00000374 R   `.note.gnu.build-id` 24 bytes
    @36f00001000:36f00001003 R X `.init` 3 bytes
    @36f00001010:36f00004298 R X `.text` 12936 bytes
    @36f000042a0:36f00262dc4 R X `.ltext` 2485028 bytes
    @36f00262dc4:36f00262dc7 R X `.fini` 3 bytes
    @36f00262dd0:36f00262eca R X `__lcxx_override` 250 bytes
    @36f00263000:36f00269e91 R   `.rodata` 28305 bytes
    @36f00269e94:36f0026ef38 R   `.eh_frame_hdr` 20644 bytes
    @36f0026ef38:36f00292c80 R   `.eh_frame` 146760 bytes
    @36f00292c80:36f00294c54 R   `.gcc_except_table` 8148 bytes
    @36f00295000:36f00295080 RW  `.init_array` 128 bytes
    @36f00295080:36f00295080 RW  `.fini_array` 0 bytes
    @36f00295080:36f00296000 RW  `.relro_padding` 3968 bytes
    @36f00296000:36f00296080 RW  `.invis` 128 bytes
    @36f00297000:36f00297000 RW  `.bss` 0 bytes
    @36f00297000:36f005ae828 RW  `.lbss` 3242024 bytes
    @36f005af880:36f006083d8 R   `.lrodata` 363352 bytes
    @36f00609400:36f00609d00 RW  `.ldata` 2304 bytes
    @0:96     `.comment` 150 bytes
    @0:18480     `.symtab` 99456 bytes
    @0:e3     `.shstrtab` 227 bytes
    @0:33402     `.strtab` 209922 bytes
  Segments:
    %36f00000040:36f00000318 R   728 bytes
    %36f00000318:36f0000035c R   68 bytes
    %36f00000000:36f00000374 R   884 bytes
    %36f00001000:36f00262eca R X 2498250 bytes
    %36f00263000:36f00294c54 R   203860 bytes
    %36f00295000:36f00296000 RW  4096 bytes
    %36f00296000:36f005ae828 RW  3246120 bytes
    %36f005af880:36f006083d8 R   363352 bytes
    %36f00609400:36f00609d00 RW  2304 bytes
    %36f00295000:36f00296000 R   4096 bytes
    %36f00269e94:36f0026ef38 R   20644 bytes
    %36f0000035c:36f00000374 R   24 bytes
Calling _start()
Initializing heap sbrk at 36f0080a000:36f0180a000
Emulated Disc SCEx IDs:
	Disc 1: SCEA

Region: North America

Multitap on PSX Port 1: Disabled
Multitap on PSX Port 2: Disabled
Initializing heap invisible at 0x36f0480a000:0x36f0780a000
Allocated 1474560 bytes on invisible heap, usage 1474560/50331648
Allocated 88200 bytes on invisible heap, usage 1562768/50331648
Calling ecl_seal()
WaterboxHost Sealed!
[Lua script: bizhawk_bridge] [bridge] controller 1 controls (bare, via joypad.get(1)):
[Lua script: bizhawk_bridge]   Offscreen Shot     = false
[Lua script: bizhawk_bridge]   Trigger            = false
[Lua script: bizhawk_bridge]   Y Axis             = 136
[Lua script: bizhawk_bridge]   X Axis             = 1320
[Lua script: bizhawk_bridge]   A                  = false
[Lua script: bizhawk_bridge]   B                  = false
[Lua script: bizhawk_bridge] [bridge] all controls (prefixed, via joypad.get()):
[Lua script: bizhawk_bridge]   P1 B                   = false
[Lua script: bizhawk_bridge]   P1 Y Axis              = 136
[Lua script: bizhawk_bridge]   Reset                  = false
[Lua script: bizhawk_bridge]   P1 Offscreen Shot      = false
[Lua script: bizhawk_bridge]   P1 X Axis              = 1320
[Lua script: bizhawk_bridge]   Power                  = false
[Lua script: bizhawk_bridge]   Disk Index             = 0
[Lua script: bizhawk_bridge]   Open Tray              = false
[Lua script: bizhawk_bridge]   P1 Trigger             = false
[Lua script: bizhawk_bridge]   Close Tray             = false
[Lua script: bizhawk_bridge]   P1 A                   = false
[Lua script: bizhawk_bridge] ======================================================
[Lua script: bizhawk_bridge] [bridge] *** SCRIPT RELOADED -- VERSION WITH READ-BACK DEBUG ***
[Lua script: bizhawk_bridge] [bridge] DEBUG_INPUT_LOG = false
[Lua script: bizhawk_bridge] ======================================================
[Lua script: bizhawk_bridge] [bridge] sent READY -- waiting for commands
Active firmware:
	PSX+U : 10155D8D6E6E832D6EA66DB9BC098321FB5E8EBF
Using SDL2 for host input (keyboard + gamepads)
[bridge] handshake OK -- bridge live
[pool] waiting for worker 2 on port 8767...
[bridge] BizHawk connected from ('127.0.0.1', 48654); polling for Lua handshake (load the game and open bizhawk_bridge.lua)...
MemoryBlock created for address 36f00000000:36f0d80a000 with mirror 77ddb23f5000:77ddbfbff000
Mouting `shock.wbx` @36f00000000
  Sections:
    @0:0     `` 0 bytes
    @36f00000318:36f0000035c R   `.interp` 68 bytes
    @36f0000035c:36f00000374 R   `.note.gnu.build-id` 24 bytes
    @36f00001000:36f00001003 R X `.init` 3 bytes
    @36f00001010:36f00004298 R X `.text` 12936 bytes
    @36f000042a0:36f00262dc4 R X `.ltext` 2485028 bytes
    @36f00262dc4:36f00262dc7 R X `.fini` 3 bytes
    @36f00262dd0:36f00262eca R X `__lcxx_override` 250 bytes
    @36f00263000:36f00269e91 R   `.rodata` 28305 bytes
    @36f00269e94:36f0026ef38 R   `.eh_frame_hdr` 20644 bytes
    @36f0026ef38:36f00292c80 R   `.eh_frame` 146760 bytes
    @36f00292c80:36f00294c54 R   `.gcc_except_table` 8148 bytes
    @36f00295000:36f00295080 RW  `.init_array` 128 bytes
    @36f00295080:36f00295080 RW  `.fini_array` 0 bytes
    @36f00295080:36f00296000 RW  `.relro_padding` 3968 bytes
    @36f00296000:36f00296080 RW  `.invis` 128 bytes
    @36f00297000:36f00297000 RW  `.bss` 0 bytes
    @36f00297000:36f005ae828 RW  `.lbss` 3242024 bytes
    @36f005af880:36f006083d8 R   `.lrodata` 363352 bytes
    @36f00609400:36f00609d00 RW  `.ldata` 2304 bytes
    @0:96     `.comment` 150 bytes
    @0:18480     `.symtab` 99456 bytes
    @0:e3     `.shstrtab` 227 bytes
    @0:33402     `.strtab` 209922 bytes
  Segments:
    %36f00000040:36f00000318 R   728 bytes
    %36f00000318:36f0000035c R   68 bytes
    %36f00000000:36f00000374 R   884 bytes
    %36f00001000:36f00262eca R X 2498250 bytes
    %36f00263000:36f00294c54 R   203860 bytes
    %36f00295000:36f00296000 RW  4096 bytes
    %36f00296000:36f005ae828 RW  3246120 bytes
    %36f005af880:36f006083d8 R   363352 bytes
    %36f00609400:36f00609d00 RW  2304 bytes
    %36f00295000:36f00296000 R   4096 bytes
    %36f00269e94:36f0026ef38 R   20644 bytes
    %36f0000035c:36f00000374 R   24 bytes
Calling _start()
Initializing heap sbrk at 36f0080a000:36f0180a000
Emulated Disc SCEx IDs:
	Disc 1: SCEA

Region: North America

Multitap on PSX Port 1: Disabled
Multitap on PSX Port 2: Disabled
Initializing heap invisible at 0x36f0480a000:0x36f0780a000
Allocated 1474560 bytes on invisible heap, usage 1474560/50331648
Allocated 88200 bytes on invisible heap, usage 1562768/50331648
Calling ecl_seal()
WaterboxHost Sealed!
Active firmware:
	PSX+U : 10155D8D6E6E832D6EA66DB9BC098321FB5E8EBF
[Lua Console] loaded script /home/ampho/TimeCrisisAISpeedruns/bizhawk_bridge.lua
[Lua script: bizhawk_bridge] [bridge] controller 1 controls (bare, via joypad.get(1)):
[Lua script: bizhawk_bridge]   Trigger            = false
[Lua script: bizhawk_bridge]   Y Axis             = 136
[Lua script: bizhawk_bridge]   B                  = false
[Lua script: bizhawk_bridge]   A                  = false
[Lua script: bizhawk_bridge]   Offscreen Shot     = false
[Lua script: bizhawk_bridge]   X Axis             = 1320
[Lua script: bizhawk_bridge] [bridge] all controls (prefixed, via joypad.get()):
[Lua script: bizhawk_bridge]   P1 A                   = false
[Lua script: bizhawk_bridge]   Close Tray             = false
[Lua script: bizhawk_bridge]   Disk Index             = 0
[Lua script: bizhawk_bridge]   P1 Y Axis              = 136
[Lua script: bizhawk_bridge]   P1 X Axis              = 1320
[Lua script: bizhawk_bridge]   P1 Offscreen Shot      = false
[Lua script: bizhawk_bridge]   Reset                  = false
[Lua script: bizhawk_bridge]   P1 B                   = false
[Lua script: bizhawk_bridge]   Power                  = false
[Lua script: bizhawk_bridge]   Open Tray              = false
[Lua script: bizhawk_bridge]   P1 Trigger             = false
[Lua script: bizhawk_bridge] ======================================================
[Lua script: bizhawk_bridge] [bridge] *** SCRIPT RELOADED -- VERSION WITH READ-BACK DEBUG ***
[Lua script: bizhawk_bridge] [bridge] DEBUG_INPUT_LOG = false
[Lua script: bizhawk_bridge] ======================================================
[Lua script: bizhawk_bridge] [bridge] sent READY -- waiting for commands
[Lua Console] loaded script /home/ampho/TimeCrisisAISpeedruns/bizhawk_bridge.lua
[Lua script: bizhawk_bridge] [bridge] controller 1 controls (bare, via joypad.get(1)):
[Lua script: bizhawk_bridge]   Offscreen Shot     = false
[Lua script: bizhawk_bridge]   A                  = false
[Lua script: bizhawk_bridge]   X Axis             = 1320
[Lua script: bizhawk_bridge]   Y Axis             = 136
[Lua script: bizhawk_bridge]   B                  = false
[Lua script: bizhawk_bridge]   Trigger            = false
[Lua script: bizhawk_bridge] [bridge] all controls (prefixed, via joypad.get()):
[Lua script: bizhawk_bridge]   P1 B                   = false
[Lua script: bizhawk_bridge]   P1 Offscreen Shot      = false
[Lua script: bizhawk_bridge]   P1 Y Axis              = 136
[Lua script: bizhawk_bridge]   Disk Index             = 0
[Lua script: bizhawk_bridge]   P1 A                   = false
[Lua script: bizhawk_bridge]   P1 X Axis              = 1320
[Lua script: bizhawk_bridge]   Power                  = false
[Lua script: bizhawk_bridge]   Reset                  = false
[Lua script: bizhawk_bridge]   Open Tray              = false
[Lua script: bizhawk_bridge]   Close Tray             = false
[Lua script: bizhawk_bridge]   P1 Trigger             = false
[Lua script: bizhawk_bridge] ======================================================
[Lua script: bizhawk_bridge] [bridge] *** SCRIPT RELOADED -- VERSION WITH READ-BACK DEBUG ***
[Lua script: bizhawk_bridge] [bridge] DEBUG_INPUT_LOG = false
[Lua script: bizhawk_bridge] ======================================================
[Lua script: bizhawk_bridge] [bridge] sent READY -- waiting for commands
[bridge] handshake OK -- bridge live
[pool] waiting for worker 3 on port 8768...
[bridge] BizHawk connected from ('127.0.0.1', 54952); polling for Lua handshake (load the game and open bizhawk_bridge.lua)...
[bridge] handshake OK -- bridge live
[pool] 4 worker(s) live.
Read a zipstate of version 1.0.3
Read a zipstate of version 1.0.3
Read a zipstate of version 1.0.3
Elapsed time for Load Core: 28 ms
Elapsed time for Blit: 0 ms
Elapsed time for Load Framebuffer: 1 ms
Elapsed time for Load Core: 24 ms
Elapsed time for Blit: 0 ms
Elapsed time for Load Framebuffer: 1 ms
Elapsed time for Load Core: 40 ms
Elapsed time for Blit: 0 ms
Elapsed time for Load Framebuffer: 1 ms
Read a zipstate of version 1.0.3
Elapsed time for Load Core: 18 ms
Elapsed time for Blit: 0 ms
Elapsed time for Load Framebuffer: 0 ms
Read a zipstate of version 1.0.3
Read a zipstate of version 1.0.3
Elapsed time for Load Core: 11 ms
Elapsed time for Blit: 0 ms
Elapsed time for Load Framebuffer: 0 ms
Read a zipstate of version 1.0.3
Elapsed time for Load Core: 10 ms
Elapsed time for Blit: 0 ms
Elapsed time for Load Framebuffer: 0 ms
Read a zipstate of version 1.0.3
Elapsed time for Load Core: 20 ms
Elapsed time for Blit: 0 ms
Elapsed time for Load Framebuffer: 0 ms
Read a zipstate of version 1.0.3
Elapsed time for Load Core: 21 ms
Elapsed time for Blit: 0 ms
Elapsed time for Load Framebuffer: 0 ms
Read a zipstate of version 1.0.3
Elapsed time for Load Core: 20 ms
Elapsed time for Blit: 0 ms
Elapsed time for Load Framebuffer: 0 ms
Elapsed time for Load Core: 29 ms
Elapsed time for Blit: 0 ms
Elapsed time for Load Framebuffer: 0 ms
Read a zipstate of version 1.0.3
Elapsed time for Load Core: 13 ms
Elapsed time for Blit: 0 ms
Elapsed time for Load Framebuffer: 0 ms
Read a zipstate of version 1.0.3
Elapsed time for Load Core: 19 ms
Elapsed time for Blit: 0 ms
Elapsed time for Load Framebuffer: 1 ms
Read a zipstate of version 1.0.3
Elapsed time for Load Core: 15 ms
Elapsed time for Blit: 0 ms
Elapsed time for Load Framebuffer: 0 ms
Read a zipstate of version 1.0.3
Read a zipstate of version 1.0.3
Elapsed time for Load Core: 23 ms
Elapsed time for Blit: 0 ms
Elapsed time for Load Framebuffer: 0 ms
Elapsed time for Load Core: 17 ms
Elapsed time for Blit: 0 ms
Elapsed time for Load Framebuffer: 0 ms
Read a zipstate of version 1.0.3
Elapsed time for Load Core: 16 ms
Elapsed time for Blit: 0 ms
Elapsed time for Load Framebuffer: 0 ms
Read a zipstate of version 1.0.3
Elapsed time for Load Core: 11 ms
Elapsed time for Blit: 0 ms
Elapsed time for Load Framebuffer: 0 ms
Read a zipstate of version 1.0.3
Elapsed time for Load Core: 13 ms
Elapsed time for Blit: 0 ms
Elapsed time for Load Framebuffer: 0 ms
Read a zipstate of version 1.0.3
Elapsed time for Load Core: 16 ms
Elapsed time for Blit: 0 ms
Elapsed time for Load Framebuffer: 0 ms
Read a zipstate of version 1.0.3
Elapsed time for Load Core: 15 ms
Elapsed time for Blit: 0 ms
Elapsed time for Load Framebuffer: 0 ms
Read a zipstate of version 1.0.3
Elapsed time for Load Core: 10 ms
Elapsed time for Blit: 0 ms
Elapsed time for Load Framebuffer: 0 ms
Read a zipstate of version 1.0.3
Elapsed time for Load Core: 16 ms
Elapsed time for Blit: 0 ms
Elapsed time for Load Framebuffer: 0 ms
Read a zipstate of version 1.0.3
Elapsed time for Load Core: 9 ms
Elapsed time for Blit: 0 ms
Elapsed time for Load Framebuffer: 0 ms
Read a zipstate of version 1.0.3
Elapsed time for Load Core: 18 ms
Elapsed time for Blit: 0 ms
Elapsed time for Load Framebuffer: 0 ms
Read a zipstate of version 1.0.3
Elapsed time for Load Core: 15 ms
Elapsed time for Blit: 0 ms
Elapsed time for Load Framebuffer: 0 ms
Read a zipstate of version 1.0.3
Elapsed time for Load Core: 11 ms
Elapsed time for Blit: 0 ms
Elapsed time for Load Framebuffer: 0 ms
Read a zipstate of version 1.0.3
Read a zipstate of version 1.0.3
Elapsed time for Load Core: 13 ms
Elapsed time for Blit: 0 ms
Elapsed time for Load Framebuffer: 0 ms
Elapsed time for Load Core: 10 ms
Elapsed time for Blit: 0 ms
Elapsed time for Load Framebuffer: 0 ms
Read a zipstate of version 1.0.3
Elapsed time for Load Core: 14 ms
Elapsed time for Blit: 0 ms
Elapsed time for Load Framebuffer: 0 ms
Read a zipstate of version 1.0.3
Elapsed time for Load Core: 10 ms
Elapsed time for Blit: 0 ms
Elapsed time for Load Framebuffer: 0 ms
Read a zipstate of version 1.0.3
Elapsed time for Load Core: 14 ms
Elapsed time for Blit: 0 ms
Elapsed time for Load Framebuffer: 0 ms
Read a zipstate of version 1.0.3
Elapsed time for Load Core: 10 ms
Elapsed time for Blit: 0 ms
Elapsed time for Load Framebuffer: 0 ms
Read a zipstate of version 1.0.3
Elapsed time for Load Core: 12 ms
Elapsed time for Blit: 0 ms
Elapsed time for Load Framebuffer: 0 ms
Read a zipstate of version 1.0.3
Elapsed time for Load Core: 9 ms
Elapsed time for Blit: 0 ms
Elapsed time for Load Framebuffer: 0 ms
Read a zipstate of version 1.0.3
Elapsed time for Load Core: 15 ms
Elapsed time for Blit: 0 ms
Elapsed time for Load Framebuffer: 0 ms
Read a zipstate of version 1.0.3
Elapsed time for Load Core: 9 ms
Elapsed time for Blit: 0 ms
Elapsed time for Load Framebuffer: 0 ms
Read a zipstate of version 1.0.3
Read a zipstate of version 1.0.3
Elapsed time for Load Core: 22 ms
Elapsed time for Blit: 0 ms
Elapsed time for Load Framebuffer: 0 ms
Elapsed time for Load Core: 18 ms
Elapsed time for Blit: 0 ms
Elapsed time for Load Framebuffer: 0 ms
Read a zipstate of version 1.0.3
Read a zipstate of version 1.0.3
Read a zipstate of version 1.0.3
Elapsed time for Load Core: 21 ms
Elapsed time for Blit: 0 ms
Elapsed time for Load Framebuffer: 0 ms
Elapsed time for Load Core: 20 ms
Elapsed time for Blit: 0 ms
Elapsed time for Load Framebuffer: 0 ms
Elapsed time for Load Core: 21 ms
Elapsed time for Blit: 0 ms
Elapsed time for Load Framebuffer: 0 ms
Read a zipstate of version 1.0.3
Elapsed time for Load Core: 16 ms
Elapsed time for Blit: 0 ms
Elapsed time for Load Framebuffer: 0 ms
Read a zipstate of version 1.0.3
Elapsed time for Load Core: 16 ms
Elapsed time for Blit: 0 ms
Elapsed time for Load Framebuffer: 0 ms
Read a zipstate of version 1.0.3
Elapsed time for Load Core: 12 ms
Elapsed time for Blit: 0 ms
Elapsed time for Load Framebuffer: 0 ms
Read a zipstate of version 1.0.3
Elapsed time for Load Core: 10 ms
Elapsed time for Blit: 0 ms
Elapsed time for Load Framebuffer: 0 ms
Read a zipstate of version 1.0.3
Elapsed time for Load Core: 15 ms
Elapsed time for Blit: 0 ms
Elapsed time for Load Framebuffer: 0 ms
Read a zipstate of version 1.0.3
Elapsed time for Load Core: 15 ms
Elapsed time for Blit: 0 ms
Elapsed time for Load Framebuffer: 1 ms
Read a zipstate of version 1.0.3
Elapsed time for Load Core: 17 ms
Elapsed time for Blit: 0 ms
Elapsed time for Load Framebuffer: 0 ms
Read a zipstate of version 1.0.3
Elapsed time for Load Core: 15 ms
Elapsed time for Blit: 0 ms
Elapsed time for Load Framebuffer: 0 ms
Read a zipstate of version 1.0.3
Elapsed time for Load Core: 10 ms
Elapsed time for Blit: 0 ms
Elapsed time for Load Framebuffer: 0 ms
Read a zipstate of version 1.0.3
Elapsed time for Load Core: 17 ms
Elapsed time for Blit: 0 ms
Elapsed time for Load Framebuffer: 0 ms
Read a zipstate of version 1.0.3
Elapsed time for Load Core: 11 ms
Elapsed time for Blit: 0 ms
Elapsed time for Load Framebuffer: 0 ms
Read a zipstate of version 1.0.3
Elapsed time for Load Core: 11 ms
Elapsed time for Blit: 0 ms
Elapsed time for Load Framebuffer: 0 ms
Read a zipstate of version 1.0.3
Elapsed time for Load Core: 15 ms
Elapsed time for Blit: 0 ms
Elapsed time for Load Framebuffer: 0 ms
Traceback (most recent call last):
  File "/home/ampho/TimeCrisisAISpeedruns/es_train.py", line 233, in <module>
    train()
  File "/home/ampho/TimeCrisisAISpeedruns/es_train.py", line 111, in train
    raw_results = pool.evaluate(expanded_candidates)
                  ^^^^^^^^^^^^^^^^^^^^^^^^^^^^^^^^^^
  File "/home/ampho/TimeCrisisAISpeedruns/worker_pool.py", line 129, in evaluate
    list(self._executor.map(run_chunk, range(self.num_workers)))
  File "/usr/local/lib/python3.11/concurrent/futures/_base.py", line 619, in result_iterator
    yield _result_or_cancel(fs.pop())
          ^^^^^^^^^^^^^^^^^^^^^^^^^^^
  File "/usr/local/lib/python3.11/concurrent/futures/_base.py", line 317, in _result_or_cancel
    return fut.result(timeout)
           ^^^^^^^^^^^^^^^^^^^
  File "/usr/local/lib/python3.11/concurrent/futures/_base.py", line 456, in result
    return self.__get_result()
           ^^^^^^^^^^^^^^^^^^^
  File "/usr/local/lib/python3.11/concurrent/futures/_base.py", line 401, in __get_result
    raise self._exception
  File "/usr/local/lib/python3.11/concurrent/futures/thread.py", line 58, in run
    result = self.fn(*self.args, **self.kwargs)
             ^^^^^^^^^^^^^^^^^^^^^^^^^^^^^^^^^^
  File "/home/ampho/TimeCrisisAISpeedruns/worker_pool.py", line 126, in run_chunk
    results[i] = env.episode_fitness(candidates[i])
                 ^^^^^^^^^^^^^^^^^^^^^^^^^^^^^^^^^^
  File "/home/ampho/TimeCrisisAISpeedruns/env_timecrisis.py", line 441, in episode_fitness
    _, done, info = self.step(theta)
                    ^^^^^^^^^^^^^^^^
  File "/home/ampho/TimeCrisisAISpeedruns/env_timecrisis.py", line 303, in step
    post = self._read_core()
           ^^^^^^^^^^^^^^^^^
  File "/home/ampho/TimeCrisisAISpeedruns/env_timecrisis.py", line 177, in _read_core
    "shots_hit":   self.client.read_u16(RAM.shots_hit),
                   ^^^^^^^^^^^^^^^^^^^^^^^^^^^^^^^^^^^
  File "/home/ampho/TimeCrisisAISpeedruns/bridge_client.py", line 274, in read_u16
    resp = self._cmd(f"read_u16 0x{addr:X}")
           ^^^^^^^^^^^^^^^^^^^^^^^^^^^^^^^^^
  File "/home/ampho/TimeCrisisAISpeedruns/bridge_client.py", line 265, in _cmd
    text = self._recv_message().strip()
           ^^^^^^^^^^^^^^^^^^^^
  File "/home/ampho/TimeCrisisAISpeedruns/bridge_client.py", line 120, in _recv_message
    chunk = sock.recv(4096)
            ^^^^^^^^^^^^^^^
ConnectionResetError: [Errno 104] Connection reset by peer
[31mparsing command-line flags: /home/ampho/Downloads/TimeCrisis_NTSC/Time Crisis.cue --socket_ip=127.0.0.1 --socket_port=8765 --lua=/home/ampho/TimeCrisisAISpeedruns/bizhawk_bridge.lua(B[m
[31mGtk not found (missing LD_LIBRARY_PATH to libgtk-x11-2.0.so.0?), using built-in colorscheme(B[m
